make[1]: ディレクトリ `/home/guicho/repos/presentations/2016-6-12-dc' に入ります
make[1]: 警告: 副次 make で -jN を強制指定しました: jobserver モードを無効にします.
make -C img
make -C css
make[2]: ディレクトリ `/home/guicho/repos/presentations/2016-6-12-dc/css' に入ります
sass --update .
make[2]: ディレクトリ `/home/guicho/repos/presentations/2016-6-12-dc/img' に入ります
inkscape -f fractals/fractal.svg -e fractals/fractal.png -d 150
make[2]: ディレクトリ `/home/guicho/repos/presentations/2016-6-12-dc/css' から出ます
make -C scripts
make[2]: ディレクトリ `/home/guicho/repos/presentations/2016-6-12-dc/scripts' に入ります
make[2]: `all' に対して行うべき事はありません.
make[2]: ディレクトリ `/home/guicho/repos/presentations/2016-6-12-dc/scripts' から出ます
scripts/org-html.sh presen.org presen.org.html
Loading /home/guicho/repos/presentations/2016-6-12-dc/scripts/compile-org-html.el (source)...
DPI: 150
Background RRGGBBAA: ffffff00
Area 0:0:526.358:325.99 exported to 877 x 543 pixels (150 dpi)
Bitmap saved as: fractals/fractal.png
ebb -x fractals/fractal.png
make[2]: ディレクトリ `/home/guicho/repos/presentations/2016-6-12-dc/img' から出ます
Loading vc-git...
Warning: defvar ignored because org-agenda-archives-mode is let-bound
Warning: defvar ignored because org-agenda-skip-comment-trees is let-bound
Warning: defvar ignored because org-agenda-skip-function is let-bound
Saving file /home/guicho/repos/presentations/2016-6-12-dc/presen.org.html...
Wrote /home/guicho/repos/presentations/2016-6-12-dc/presen.org.html
cp -f presen.org.html index.html
make[1]: ディレクトリ `/home/guicho/repos/presentations/2016-6-12-dc' から出ます
